I'm sorry, but errors were detected in your script. Please correct the
errors listed below, and try again.


File "game/screens.rpy", line 17: style property zoom is not known.
    zoom 0.5
        ^

Ren'Py Version: Ren'Py 7.3.5.606
Sat Aug 01 21:24:34 2020
